$ node tools/spike/test/run.mjs
test-budget: ok — 1/1 files, 4/4 tests, 0/0 workflows, deadline 60s
TAP version 13
# \# C2 geometry: 216 boxes compared within 0.5 px
# \# C2 digests: 12 artifacts byte-identical
# Subtest: guards: render pipeline breaks on a clean checkout
not ok 1 - guards: render pipeline breaks on a clean checkout
  ---
  duration_ms: 25052.531083
  type: 'test'
  location: '/Users/noelsaw/marathon-clones/marathon-gh-5-mvp-foundation/tools/spike/test/canaries.test.mjs:26:1'
  failureType: 'testCodeFailure'
  error: 'spawn is not defined'
  code: 'ERR_TEST_FAILURE'
  name: 'ReferenceError'
  stack: |-
    TestContext.<anonymous> (file:///Users/noelsaw/marathon-clones/marathon-gh-5-mvp-foundation/tools/spike/test/canaries.test.mjs:257:20)
    async Test.run (node:internal/test_runner/test:1054:7)
    async startSubtestAfterBootstrap (node:internal/test_runner/harness:296:3)
  ...
# Subtest: guards: unintended visual or layout drift
ok 2 - guards: unintended visual or layout drift
  ---
  duration_ms: 25.083958
  type: 'test'
  ...
# Subtest: guards: committed evidence no longer satisfies the gate
ok 3 - guards: committed evidence no longer satisfies the gate
  ---
  duration_ms: 116.075292
  type: 'test'
  ...
# Subtest: guards: the verifier stops detecting tampering
ok 4 - guards: the verifier stops detecting tampering
  ---
  duration_ms: 120.06275
  type: 'test'
  ...
1..4
# tests 4
# suites 0
# pass 3
# fail 1
# cancelled 0
# skipped 0
# todo 0
# duration_ms 25402.145709
test-budget: FAIL — canaries failed (exit 1, fail 1)
[ELIFECYCLE] Test failed. See above for more details.
