$ node tools/spike/test/run.mjs
test-budget: ok — 1/1 files, 4/4 tests, 0/0 workflows, deadline 60s
TAP version 13
# \# C2 geometry: 216 boxes compared within 0.5 px
# \# C2 digests: 12 artifacts byte-identical
# Subtest: guards: render pipeline breaks on a clean checkout
not ok 1 - guards: render pipeline breaks on a clean checkout
  ---
  duration_ms: 11556.4945
  type: 'test'
  location: '/Users/noelsaw/marathon-clones/marathon-gh-5-mvp-foundation/tools/spike/test/canaries.test.mjs:26:1'
  failureType: 'testCodeFailure'
  error: |-
    must actually shrink
    
    false !== true
    
  code: 'ERR_ASSERTION'
  name: 'AssertionError'
  expected: true
  actual: false
  operator: 'strictEqual'
  stack: |-
    TestContext.<anonymous> (file:///Users/noelsaw/marathon-clones/marathon-gh-5-mvp-foundation/tools/spike/test/canaries.test.mjs:155:10)
    async Test.run (node:internal/test_runner/test:1054:7)
    async startSubtestAfterBootstrap (node:internal/test_runner/harness:296:3)
  ...
# Subtest: guards: unintended visual or layout drift
ok 2 - guards: unintended visual or layout drift
  ---
  duration_ms: 23.782208
  type: 'test'
  ...
# Subtest: guards: committed evidence no longer satisfies the gate
ok 3 - guards: committed evidence no longer satisfies the gate
  ---
  duration_ms: 118.28475
  type: 'test'
  ...
# Subtest: guards: the verifier stops detecting tampering
ok 4 - guards: the verifier stops detecting tampering
  ---
  duration_ms: 108.544125
  type: 'test'
  ...
1..4
# tests 4
# suites 0
# pass 3
# fail 1
# cancelled 0
# skipped 0
# todo 0
# duration_ms 11884.619875
test-budget: FAIL — canaries failed (exit 1, fail 1)
[ELIFECYCLE] Test failed. See above for more details.
